EN multiplexer NULL C:/Xilinx/bin/Semester_6/multiplexer.vhd sub00/vhpl04
AR demultiplexer behavioral C:/Xilinx/bin/Semester_6/demultiplexer.vhd sub00/vhpl07
AR flip_flop behavioral C:/Xilinx/bin/Semester_6/flip_flop.vhd sub00/vhpl15
EN flip_flop NULL C:/Xilinx/bin/Semester_6/flip_flop.vhd sub00/vhpl14
EN half_adder NULL C:/Xilinx/bin/Semester_6/half_adder.vhd sub00/vhpl00
AR code_converter behavioral C:/Xilinx/bin/Semester_6/code_converter.vhd sub00/vhpl17
AR comparator behavioral C:/Xilinx/bin/Semester_6/comparator.vhd sub00/vhpl13
EN demultiplexer NULL C:/Xilinx/bin/Semester_6/demultiplexer.vhd sub00/vhpl06
AR multiplexer behavioral C:/Xilinx/bin/Semester_6/multiplexer.vhd sub00/vhpl05
AR counter behavioral C:/Xilinx/bin/Semester_6/counter.vhd sub00/vhpl19
EN counter NULL C:/Xilinx/bin/Semester_6/counter.vhd sub00/vhpl18
EN encoder NULL C:/Xilinx/bin/Semester_6/encoder.vhd sub00/vhpl08
AR full_adder behavioral C:/Xilinx/bin/Semester_6/full_adder.vhd sub00/vhpl03
EN full_adder NULL C:/Xilinx/bin/Semester_6/full_adder.vhd sub00/vhpl02
AR encoder behavioral C:/Xilinx/bin/Semester_6/encoder.vhd sub00/vhpl09
AR half_adder behavioral C:/Xilinx/bin/Semester_6/half_adder.vhd sub00/vhpl01
AR decoder behavioral C:/Xilinx/bin/Semester_6/decoder.vhd sub00/vhpl11
EN code_converter NULL C:/Xilinx/bin/Semester_6/code_converter.vhd sub00/vhpl16
EN decoder NULL C:/Xilinx/bin/Semester_6/decoder.vhd sub00/vhpl10
EN comparator NULL C:/Xilinx/bin/Semester_6/comparator.vhd sub00/vhpl12
